// Vitest Snapshot v1, https://vitest.dev/guide/snapshot.html

exports[`TextAlignment 1`] = `
NodeList [
  <div>
    <button
      aria-label="Left"
      class="u-p-1xs u-bg-accent u-rounded-md"
      type="button"
    >
      <svg
        class="tabler-icon tabler-icon-align-left"
        fill="none"
        height="24"
        stroke="currentColor"
        stroke-linecap="round"
        stroke-linejoin="round"
        stroke-width="2"
        viewBox="0 0 24 24"
        width="24"
        xmlns="http://www.w3.org/2000/svg"
      >
        <path
          d="M4 6l16 0"
        />
        <path
          d="M4 12l10 0"
        />
        <path
          d="M4 18l14 0"
        />
      </svg>
    </button>
    <button
      aria-label="Center"
      class="u-p-1xs"
      type="button"
    >
      <svg
        class="tabler-icon tabler-icon-align-center"
        fill="none"
        height="24"
        stroke="currentColor"
        stroke-linecap="round"
        stroke-linejoin="round"
        stroke-width="2"
        viewBox="0 0 24 24"
        width="24"
        xmlns="http://www.w3.org/2000/svg"
      >
        <path
          d="M4 6l16 0"
        />
        <path
          d="M8 12l8 0"
        />
        <path
          d="M6 18l12 0"
        />
      </svg>
    </button>
    <button
      aria-label="Right"
      class="u-p-1xs"
      type="button"
    >
      <svg
        class="tabler-icon tabler-icon-align-right"
        fill="none"
        height="24"
        stroke="currentColor"
        stroke-linecap="round"
        stroke-linejoin="round"
        stroke-width="2"
        viewBox="0 0 24 24"
        width="24"
        xmlns="http://www.w3.org/2000/svg"
      >
        <path
          d="M4 6l16 0"
        />
        <path
          d="M10 12l10 0"
        />
        <path
          d="M6 18l14 0"
        />
      </svg>
    </button>
  </div>,
   ,
]
`;
