// Vitest Snapshot v1, https://vitest.dev/guide/snapshot.html

exports[`VariationsDND 1`] = `
NodeList [
  <div
    aria-describedby="DndDescribedBy-0"
    aria-disabled="false"
    aria-roledescription="sortable"
    class="u-cursor-move"
    role="button"
    tabindex="0"
  >
    <div
      class="u-card u-shadow-xl u-mb-5x u-bg-base-300 u-p-3xs"
    >
      <div
        class="u-mb-1x u-flex"
      >
        <div
          class="u-flex-1"
        >
          <span
            class="u-italic"
          >
            Variation Name: 
          </span>
          <h4
            class="u-text-secondary-content u-font-bold u-inline"
          >
            First Variation
          </h4>
        </div>
        <svg
          aria-label="move"
          class="tabler-icon tabler-icon-arrows-move"
          fill="none"
          height="24"
          stroke="currentColor"
          stroke-linecap="round"
          stroke-linejoin="round"
          stroke-width="2"
          viewBox="0 0 24 24"
          width="24"
          xmlns="http://www.w3.org/2000/svg"
        >
          <path
            d="M18 9l3 3l-3 3"
          />
          <path
            d="M15 12h6"
          />
          <path
            d="M6 9l-3 3l3 3"
          />
          <path
            d="M3 12h6"
          />
          <path
            d="M9 18l3 3l3 -3"
          />
          <path
            d="M12 15v6"
          />
          <path
            d="M15 6l-3 -3l-3 3"
          />
          <path
            d="M12 3v6"
          />
        </svg>
      </div>
      <div
        class="u-flex u-mb-1x"
      >
        <span
          class="u-mr-3x u-italic"
        >
          Conditions:
        </span>
        <div>
          <div>
            <span>
              a
               
              =
               
              1
            </span>
            <span
              class="u-font-bold u-text-secondary-content last:u-hidden"
            >
               
              AND
               
            </span>
          </div>
          <div
            class="u-divider last:u-hidden u-my-1xs"
          >
            OR
          </div>
        </div>
      </div>
      <div>
        <h5
          class="u-italic u-mb-2xs"
        >
          Text:
        </h5>
        <div>
          <h3
            class="u-text-center u-text-lg"
          >
            <span
              class=""
            >
              HEADING
            </span>
          </h3>
          <p
            class=""
          >
            <span
              class=""
            >
              A 
            </span>
            <span
              class="u-italic"
            >
              line
            </span>
            <span
              class=""
            >
               of 
            </span>
            <span
              class="u-font-bold"
              style="color: rgb(228, 17, 17);"
            >
              text
            </span>
            <span
              class=""
            >
               in a 
            </span>
            <span
              class="u-font-bold"
            >
              paragraph
            </span>
            <span
              class=""
            >
              .
            </span>
          </p>
        </div>
      </div>
    </div>
  </div>,
  <div
    aria-describedby="DndDescribedBy-0"
    aria-disabled="false"
    aria-roledescription="sortable"
    class="u-cursor-move"
    role="button"
    tabindex="0"
  >
    <div
      class="u-card u-shadow-xl u-mb-5x u-bg-base-300 u-p-3xs"
    >
      <div
        class="u-mb-1x u-flex"
      >
        <div
          class="u-flex-1"
        >
          <span
            class="u-italic"
          >
            Variation Name: 
          </span>
          <h4
            class="u-text-secondary-content u-font-bold u-inline"
          >
            Second Variation
          </h4>
        </div>
        <svg
          aria-label="move"
          class="tabler-icon tabler-icon-arrows-move"
          fill="none"
          height="24"
          stroke="currentColor"
          stroke-linecap="round"
          stroke-linejoin="round"
          stroke-width="2"
          viewBox="0 0 24 24"
          width="24"
          xmlns="http://www.w3.org/2000/svg"
        >
          <path
            d="M18 9l3 3l-3 3"
          />
          <path
            d="M15 12h6"
          />
          <path
            d="M6 9l-3 3l3 3"
          />
          <path
            d="M3 12h6"
          />
          <path
            d="M9 18l3 3l3 -3"
          />
          <path
            d="M12 15v6"
          />
          <path
            d="M15 6l-3 -3l-3 3"
          />
          <path
            d="M12 3v6"
          />
        </svg>
      </div>
      <div
        class="u-flex u-mb-1x"
      >
        <span
          class="u-mr-3x u-italic"
        >
          Conditions:
        </span>
        <div>
          <div>
            <span>
              b
               
              =
               
              1
            </span>
            <span
              class="u-font-bold u-text-secondary-content last:u-hidden"
            >
               
              AND
               
            </span>
            <span>
              c
               
              &gt;
               
              12
            </span>
            <span
              class="u-font-bold u-text-secondary-content last:u-hidden"
            >
               
              AND
               
            </span>
          </div>
          <div
            class="u-divider last:u-hidden u-my-1xs"
          >
            OR
          </div>
          <div>
            <span>
              w
               
              =
               
              true
            </span>
            <span
              class="u-font-bold u-text-secondary-content last:u-hidden"
            >
               
              AND
               
            </span>
          </div>
          <div
            class="u-divider last:u-hidden u-my-1xs"
          >
            OR
          </div>
        </div>
      </div>
      <div>
        <h5
          class="u-italic u-mb-2xs"
        >
          Text:
        </h5>
        <div>
          <h3
            class="u-text-center u-text-lg"
          >
            <span
              class=""
            >
              HEADING
            </span>
          </h3>
          <p
            class=""
          >
            <span
              class=""
            >
              A 
            </span>
            <span
              class="u-italic"
            >
              line
            </span>
            <span
              class=""
            >
               of 
            </span>
            <span
              class="u-font-bold"
              style="color: rgb(228, 17, 17);"
            >
              text
            </span>
            <span
              class=""
            >
               in a 
            </span>
            <span
              class="u-font-bold"
            >
              paragraph
            </span>
            <span
              class=""
            >
              .
            </span>
          </p>
        </div>
      </div>
    </div>
  </div>,
  <div
    id="DndDescribedBy-0"
    style="display: none;"
  >
    
    To pick up a draggable item, press the space bar.
    While dragging, use the arrow keys to move the item.
    Press space again to drop the item in its new position, or press escape to cancel.
  
  </div>,
  <div
    aria-atomic="true"
    aria-live="assertive"
    id="DndLiveRegion-0"
    role="status"
    style="position: fixed; width: 1px; height: 1px; margin: -1px; border: 0px; padding: 0px; overflow: hidden; clip-path: inset(100%); white-space: nowrap;"
  />,
]
`;
